<?php

namespace Tempest\Generation\Tests\Fixtures;

use Tempest\Database\Migrations\Migration;
use Tempest\Database\QueryStatement;
use Tempest\Database\QueryStatements\CreateTableStatement;
use Tempest\Database\QueryStatements\DropTableStatement;

#[TestAttribute]
final readonly class CreateMigrationsTable implements \Tempest\Database\Migration
{
    public function getName(): string
    {
        return '0000-00-00_create_migrations_table';
    }

    public function up(): ?QueryStatement
    {
        return (new CreateTableStatement(Migration::table()->tableName))
            ->primary()
            ->text('name');
    }

    public function down(): ?QueryStatement
    {
        return new DropTableStatement(Migration::table()->tableName);
    }
}
